[debug] [2026-05-11T10:17:32.754Z] ----------------------------------------------------------------------
[debug] [2026-05-11T10:17:32.758Z] Command:       C:\Program Files\nodejs\node.exe C:\Users\berna\AppData\Roaming\npm\node_modules\firebase-tools\lib\bin\firebase.js deploy --only functions
[debug] [2026-05-11T10:17:32.758Z] CLI Version:   15.15.0
[debug] [2026-05-11T10:17:32.759Z] Platform:      win32
[debug] [2026-05-11T10:17:32.759Z] Node Version:  v24.11.1
[debug] [2026-05-11T10:17:32.759Z] Time:          Mon May 11 2026 12:17:32 GMT+0200 (Ora legale dell’Europa centrale)
[debug] [2026-05-11T10:17:32.759Z] ----------------------------------------------------------------------
[debug] 
[debug] [2026-05-11T10:17:35.981Z] > command requires scopes: ["email","openid","https://www.googleapis.com/auth/cloudplatformprojects.readonly","https://www.googleapis.com/auth/firebase","https://www.googleapis.com/auth/cloud-platform"]
[debug] [2026-05-11T10:17:35.981Z] > authorizing via signed-in user (alebernardini95@gmail.com)
[debug] [2026-05-11T10:17:35.981Z] [iam] checking project korelab-cc-c1a7d for permissions ["cloudfunctions.functions.create","cloudfunctions.functions.delete","cloudfunctions.functions.get","cloudfunctions.functions.list","cloudfunctions.functions.update","cloudfunctions.operations.get","firebase.projects.get"]
[debug] [2026-05-11T10:17:35.983Z] Checked if tokens are valid: true, expires at: 1778497272330
[debug] [2026-05-11T10:17:35.983Z] Checked if tokens are valid: true, expires at: 1778497272330
[debug] [2026-05-11T10:17:35.985Z] >>> [apiv2][query] POST https://cloudresourcemanager.googleapis.com/v1/projects/korelab-cc-c1a7d:testIamPermissions [none]
[debug] [2026-05-11T10:17:35.985Z] >>> [apiv2][(partial)header] POST https://cloudresourcemanager.googleapis.com/v1/projects/korelab-cc-c1a7d:testIamPermissions  x-goog-user-project=korelab-cc-c1a7d
[debug] [2026-05-11T10:17:35.985Z] >>> [apiv2][body] POST https://cloudresourcemanager.googleapis.com/v1/projects/korelab-cc-c1a7d:testIamPermissions {"permissions":["cloudfunctions.functions.create","cloudfunctions.functions.delete","cloudfunctions.functions.get","cloudfunctions.functions.list","cloudfunctions.functions.update","cloudfunctions.operations.get","firebase.projects.get"]}
[debug] [2026-05-11T10:17:36.823Z] <<< [apiv2][status] POST https://cloudresourcemanager.googleapis.com/v1/projects/korelab-cc-c1a7d:testIamPermissions 200
[debug] [2026-05-11T10:17:36.823Z] <<< [apiv2][body] POST https://cloudresourcemanager.googleapis.com/v1/projects/korelab-cc-c1a7d:testIamPermissions {"permissions":["cloudfunctions.functions.create","cloudfunctions.functions.delete","cloudfunctions.functions.get","cloudfunctions.functions.list","cloudfunctions.functions.update","cloudfunctions.operations.get","firebase.projects.get"]}
[debug] [2026-05-11T10:17:36.823Z] Checked if tokens are valid: true, expires at: 1778497272330
[debug] [2026-05-11T10:17:36.824Z] Checked if tokens are valid: true, expires at: 1778497272330
[debug] [2026-05-11T10:17:36.824Z] >>> [apiv2][query] POST https://iam.googleapis.com/v1/projects/korelab-cc-c1a7d/serviceAccounts/korelab-cc-c1a7d@appspot.gserviceaccount.com:testIamPermissions [none]
[debug] [2026-05-11T10:17:36.824Z] >>> [apiv2][body] POST https://iam.googleapis.com/v1/projects/korelab-cc-c1a7d/serviceAccounts/korelab-cc-c1a7d@appspot.gserviceaccount.com:testIamPermissions {"permissions":["iam.serviceAccounts.actAs"]}
[debug] [2026-05-11T10:17:37.644Z] <<< [apiv2][status] POST https://iam.googleapis.com/v1/projects/korelab-cc-c1a7d/serviceAccounts/korelab-cc-c1a7d@appspot.gserviceaccount.com:testIamPermissions 404
[debug] [2026-05-11T10:17:37.644Z] <<< [apiv2][body] POST https://iam.googleapis.com/v1/projects/korelab-cc-c1a7d/serviceAccounts/korelab-cc-c1a7d@appspot.gserviceaccount.com:testIamPermissions {"error":{"code":404,"message":"Unknown service account","status":"NOT_FOUND"}}
[debug] [2026-05-11T10:17:37.645Z] [functions] service account IAM check errored, deploy may fail: Request to https://iam.googleapis.com/v1/projects/korelab-cc-c1a7d/serviceAccounts/korelab-cc-c1a7d@appspot.gserviceaccount.com:testIamPermissions had HTTP Error: 404, Unknown service account {"name":"FirebaseError","children":[],"context":{"body":{"error":{"code":404,"message":"Unknown service account","status":"NOT_FOUND"}},"response":{"statusCode":404}},"exit":1,"message":"Request to https://iam.googleapis.com/v1/projects/korelab-cc-c1a7d/serviceAccounts/korelab-cc-c1a7d@appspot.gserviceaccount.com:testIamPermissions had HTTP Error: 404, Unknown service account","status":404}
[info] 
[info] === Deploying to 'korelab-cc-c1a7d'...
[info] 
[info] i  deploying functions 
[info] Running command: npm --prefix "$RESOURCE_DIR" run build
[info] +  functions: Finished running predeploy script. 
[debug] [2026-05-11T10:17:40.807Z] Checked if tokens are valid: true, expires at: 1778497272330
[debug] [2026-05-11T10:17:40.807Z] Checked if tokens are valid: true, expires at: 1778497272330
[debug] [2026-05-11T10:17:40.807Z] >>> [apiv2][query] GET https://cloudresourcemanager.googleapis.com/v1/projects/korelab-cc-c1a7d [none]
[debug] [2026-05-11T10:17:41.024Z] <<< [apiv2][status] GET https://cloudresourcemanager.googleapis.com/v1/projects/korelab-cc-c1a7d 200
[debug] [2026-05-11T10:17:41.025Z] <<< [apiv2][body] GET https://cloudresourcemanager.googleapis.com/v1/projects/korelab-cc-c1a7d {"projectNumber":"805415860635","projectId":"korelab-cc-c1a7d","lifecycleState":"ACTIVE","name":"korelab-cc","labels":{"firebase":"enabled","firebase-core":"disabled"},"createTime":"2026-05-10T19:27:05.362Z"}
[info] i  functions: preparing codebase default for deployment 
[info] i  functions: ensuring required API cloudfunctions.googleapis.com is enabled... 
[info] i  functions: ensuring required API cloudbuild.googleapis.com is enabled... 
[info] i  artifactregistry: ensuring required API artifactregistry.googleapis.com is enabled... 
[debug] [2026-05-11T10:17:41.028Z] Checked if tokens are valid: true, expires at: 1778497272330
[debug] [2026-05-11T10:17:41.028Z] Checked if tokens are valid: true, expires at: 1778497272330
[debug] [2026-05-11T10:17:41.028Z] >>> [apiv2][query] GET https://firebase.googleapis.com/v1beta1/projects/korelab-cc-c1a7d/adminSdkConfig [none]
[debug] [2026-05-11T10:17:41.512Z] <<< [apiv2][status] GET https://firebase.googleapis.com/v1beta1/projects/korelab-cc-c1a7d/adminSdkConfig 200
[debug] [2026-05-11T10:17:41.513Z] <<< [apiv2][body] GET https://firebase.googleapis.com/v1beta1/projects/korelab-cc-c1a7d/adminSdkConfig {"projectId":"korelab-cc-c1a7d","storageBucket":"korelab-cc-c1a7d.firebasestorage.app"}
[debug] [2026-05-11T10:17:41.513Z] Checked if tokens are valid: true, expires at: 1778497272330
[debug] [2026-05-11T10:17:41.513Z] Checked if tokens are valid: true, expires at: 1778497272330
[debug] [2026-05-11T10:17:41.513Z] >>> [apiv2][query] GET https://runtimeconfig.googleapis.com/v1beta1/projects/korelab-cc-c1a7d/configs [none]
[debug] [2026-05-11T10:17:41.829Z] <<< [apiv2][status] GET https://runtimeconfig.googleapis.com/v1beta1/projects/korelab-cc-c1a7d/configs 200
[debug] [2026-05-11T10:17:41.829Z] <<< [apiv2][body] GET https://runtimeconfig.googleapis.com/v1beta1/projects/korelab-cc-c1a7d/configs {}
[debug] [2026-05-11T10:17:41.831Z] Validating nodejs source
[warn] !  functions: package.json indicates an outdated version of firebase-functions. Please upgrade using npm install --save firebase-functions@latest in your functions directory. 
[warn] !  functions: Please note that there will be breaking changes when you upgrade. 
[debug] [2026-05-11T10:17:43.185Z] > [functions] package.json contents: {
  "name": "command-center-functions",
  "version": "0.1.0",
  "private": true,
  "scripts": {
    "build": "tsc",
    "build:watch": "tsc --watch",
    "serve": "npm run build && firebase emulators:start --only functions",
    "deploy": "firebase deploy --only functions",
    "typecheck": "tsc --noEmit"
  },
  "engines": {
    "node": "22"
  },
  "main": "lib/index.js",
  "dependencies": {
    "@google-cloud/secret-manager": "^6.0.0",
    "firebase-admin": "^13.4.0",
    "firebase-functions": "^6.4.0"
  },
  "devDependencies": {
    "@types/node": "^22.15.21",
    "typescript": "^5.8.3"
  }
}
[debug] [2026-05-11T10:17:43.186Z] Building nodejs source
[info] i  functions: Loading and analyzing source code for codebase default to determine what to deploy 
[debug] [2026-05-11T10:17:43.187Z] Could not find functions.yaml. Must use http discovery
[debug] [2026-05-11T10:17:43.197Z] Found firebase-functions binary at 'D:\Users\berna\Documents\GitHub\korelab\functions\node_modules\.bin\firebase-functions'
[info] Serving at port 8648

[debug] [2026-05-11T10:17:45.015Z] Got response from /__/functions.yaml {"endpoints":{"internalChecks":{"availableMemoryMb":null,"timeoutSeconds":540,"minInstances":null,"maxInstances":1,"ingressSettings":null,"concurrency":null,"serviceAccountEmail":null,"vpc":null,"platform":"gcfv2","labels":{},"scheduleTrigger":{"schedule":"every 15 minutes","retryConfig":{}},"entryPoint":"internalChecks"},"onIncidentWrite":{"availableMemoryMb":null,"timeoutSeconds":30,"minInstances":null,"maxInstances":null,"ingressSettings":null,"concurrency":null,"serviceAccountEmail":null,"vpc":null,"platform":"gcfv2","labels":{},"eventTrigger":{"eventType":"google.cloud.firestore.document.v1.written","eventFilters":{"database":"(default)","namespace":"(default)"},"eventFilterPathPatterns":{"document":"incidents/{id}"},"retry":false},"entryPoint":"onIncidentWrite"},"resolveStableUp":{"availableMemoryMb":null,"timeoutSeconds":55,"minInstances":null,"maxInstances":1,"ingressSettings":null,"concurrency":null,"serviceAccountEmail":null,"vpc":null,"platform":"gcfv2","labels":{},"scheduleTrigger":{"schedule":"every 1 minutes","retryConfig":{}},"entryPoint":"resolveStableUp"},"weeklyHealthCheck":{"availableMemoryMb":null,"timeoutSeconds":120,"minInstances":null,"maxInstances":1,"ingressSettings":null,"concurrency":null,"serviceAccountEmail":null,"vpc":null,"platform":"gcfv2","labels":{},"scheduleTrigger":{"schedule":"every monday 08:00","retryConfig":{}},"entryPoint":"weeklyHealthCheck"}},"specVersion":"v1alpha1","requiredAPIs":[{"api":"cloudscheduler.googleapis.com","reason":"Needed for scheduled functions."}],"extensions":{}}
[info] i  extensions: ensuring required API firebaseextensions.googleapis.com is enabled... 
[debug] [2026-05-11T10:17:49.067Z] > command requires scopes: ["email","openid","https://www.googleapis.com/auth/cloudplatformprojects.readonly","https://www.googleapis.com/auth/firebase","https://www.googleapis.com/auth/cloud-platform"]
[debug] [2026-05-11T10:17:49.068Z] > authorizing via signed-in user (alebernardini95@gmail.com)
[debug] [2026-05-11T10:17:49.068Z] [iam] checking project korelab-cc-c1a7d for permissions ["firebase.projects.get","firebaseextensions.instances.list"]
[debug] [2026-05-11T10:17:49.068Z] Checked if tokens are valid: true, expires at: 1778497272330
[debug] [2026-05-11T10:17:49.068Z] Checked if tokens are valid: true, expires at: 1778497272330
[debug] [2026-05-11T10:17:49.068Z] >>> [apiv2][query] POST https://cloudresourcemanager.googleapis.com/v1/projects/korelab-cc-c1a7d:testIamPermissions [none]
[debug] [2026-05-11T10:17:49.068Z] >>> [apiv2][(partial)header] POST https://cloudresourcemanager.googleapis.com/v1/projects/korelab-cc-c1a7d:testIamPermissions  x-goog-user-project=korelab-cc-c1a7d
[debug] [2026-05-11T10:17:49.068Z] >>> [apiv2][body] POST https://cloudresourcemanager.googleapis.com/v1/projects/korelab-cc-c1a7d:testIamPermissions {"permissions":["firebase.projects.get","firebaseextensions.instances.list"]}
[debug] [2026-05-11T10:17:49.863Z] <<< [apiv2][status] POST https://cloudresourcemanager.googleapis.com/v1/projects/korelab-cc-c1a7d:testIamPermissions 200
[debug] [2026-05-11T10:17:49.863Z] <<< [apiv2][body] POST https://cloudresourcemanager.googleapis.com/v1/projects/korelab-cc-c1a7d:testIamPermissions {"permissions":["firebase.projects.get","firebaseextensions.instances.list"]}
[debug] [2026-05-11T10:17:49.864Z] Checked if tokens are valid: true, expires at: 1778497272330
[debug] [2026-05-11T10:17:49.864Z] Checked if tokens are valid: true, expires at: 1778497272330
[debug] [2026-05-11T10:17:49.864Z] >>> [apiv2][query] GET https://firebaseextensions.googleapis.com/v1beta/projects/korelab-cc-c1a7d/instances pageSize=100&pageToken=
[debug] [2026-05-11T10:17:50.751Z] <<< [apiv2][status] GET https://firebaseextensions.googleapis.com/v1beta/projects/korelab-cc-c1a7d/instances 200
[debug] [2026-05-11T10:17:50.751Z] <<< [apiv2][body] GET https://firebaseextensions.googleapis.com/v1beta/projects/korelab-cc-c1a7d/instances {}
[info] i  functions: Loaded environment variables from .env. 
[info] i  functions: preparing functions directory for uploading... 
[info] i  functions: packaged D:\Users\berna\Documents\GitHub\korelab\functions (89.82 KB) for uploading 
[debug] [2026-05-11T10:17:50.864Z] Checked if tokens are valid: true, expires at: 1778497272330
[debug] [2026-05-11T10:17:50.864Z] Checked if tokens are valid: true, expires at: 1778497272330
[debug] [2026-05-11T10:17:50.864Z] >>> [apiv2][query] GET https://cloudfunctions.googleapis.com/v1/projects/korelab-cc-c1a7d/locations/-/functions [none]
[debug] [2026-05-11T10:17:51.638Z] <<< [apiv2][status] GET https://cloudfunctions.googleapis.com/v1/projects/korelab-cc-c1a7d/locations/-/functions 200
[debug] [2026-05-11T10:17:51.638Z] <<< [apiv2][body] GET https://cloudfunctions.googleapis.com/v1/projects/korelab-cc-c1a7d/locations/-/functions {}
[debug] [2026-05-11T10:17:51.638Z] Checked if tokens are valid: true, expires at: 1778497272330
[debug] [2026-05-11T10:17:51.638Z] Checked if tokens are valid: true, expires at: 1778497272330
[debug] [2026-05-11T10:17:51.639Z] >>> [apiv2][query] GET https://cloudfunctions.googleapis.com/v2/projects/korelab-cc-c1a7d/locations/-/functions filter=environment%3D%22GEN_2%22
[debug] [2026-05-11T10:17:53.134Z] <<< [apiv2][status] GET https://cloudfunctions.googleapis.com/v2/projects/korelab-cc-c1a7d/locations/-/functions 200
[debug] [2026-05-11T10:17:53.134Z] <<< [apiv2][body] GET https://cloudfunctions.googleapis.com/v2/projects/korelab-cc-c1a7d/locations/-/functions {"functions":[{"name":"projects/korelab-cc-c1a7d/locations/us-central1/functions/resolveStableUp","buildConfig":{"build":"projects/805415860635/locations/us-central1/builds/14831e7e-068f-422b-8063-c3e6122b6839","runtime":"nodejs22","entryPoint":"resolveStableUp","source":{"storageSource":{"bucket":"gcf-v2-sources-805415860635-us-central1","object":"resolveStableUp/function-source.zip","generation":"1778492614786992"}},"environmentVariables":{"GOOGLE_NODE_RUN_SCRIPTS":""},"dockerRepository":"projects/korelab-cc-c1a7d/locations/us-central1/repositories/gcf-artifacts","sourceProvenance":{"resolvedStorageSource":{"bucket":"gcf-v2-sources-805415860635-us-central1","object":"resolveStableUp/function-source.zip","generation":"1778492614786992"}},"dockerRegistry":"ARTIFACT_REGISTRY","serviceAccount":"projects/korelab-cc-c1a7d/serviceAccounts/805415860635-compute@developer.gserviceaccount.com","automaticUpdatePolicy":{}},"serviceConfig":{"service":"projects/korelab-cc-c1a7d/locations/us-central1/services/resolvestableup","timeoutSeconds":55,"environmentVariables":{"ADMIN_TELEGRAM_CHAT_ID":"1213872477","FIREBASE_CONFIG":"{\"projectId\":\"korelab-cc-c1a7d\",\"storageBucket\":\"korelab-cc-c1a7d.firebasestorage.app\"}","GCLOUD_PROJECT":"korelab-cc-c1a7d","EVENTARC_CLOUD_EVENT_SOURCE":"projects/korelab-cc-c1a7d/locations/us-central1/services/resolveStableUp","FUNCTION_TARGET":"resolveStableUp","LOG_EXECUTION_ID":"true","FUNCTION_SIGNATURE_TYPE":"http"},"maxInstanceCount":1,"ingressSettings":"ALLOW_ALL","uri":"https://resolvestableup-o56pcdenta-uc.a.run.app","serviceAccountEmail":"805415860635-compute@developer.gserviceaccount.com","availableMemory":"256Mi","allTrafficOnLatestRevision":true,"revision":"resolvestableup-00005-muy","maxInstanceRequestConcurrency":80,"availableCpu":"1"},"state":"ACTIVE","updateTime":"2026-05-11T09:43:42.576366821Z","labels":{"firebase-functions-hash":"30cdbf07ebe2af36d665694a971bef0e1f0dca28","deployment-tool":"cli-firebase","deployment-scheduled":"true"},"environment":"GEN_2","url":"https://us-central1-korelab-cc-c1a7d.cloudfunctions.net/resolveStableUp","createTime":"2026-05-10T19:49:34.764661774Z","satisfiesPzi":true},{"name":"projects/korelab-cc-c1a7d/locations/us-central1/functions/onIncidentWrite","buildConfig":{"build":"projects/805415860635/locations/us-central1/builds/14831e7e-068f-422b-8063-c3e6122b6839","runtime":"nodejs22","entryPoint":"onIncidentWrite","source":{"storageSource":{"bucket":"gcf-v2-sources-805415860635-us-central1","object":"onIncidentWrite/function-source.zip","generation":"1778492614998027"}},"environmentVariables":{"GOOGLE_NODE_RUN_SCRIPTS":""},"dockerRepository":"projects/korelab-cc-c1a7d/locations/us-central1/repositories/gcf-artifacts","sourceProvenance":{"resolvedStorageSource":{"bucket":"gcf-v2-sources-805415860635-us-central1","object":"onIncidentWrite/function-source.zip","generation":"1778492614998027"}},"dockerRegistry":"ARTIFACT_REGISTRY","serviceAccount":"projects/korelab-cc-c1a7d/serviceAccounts/805415860635-compute@developer.gserviceaccount.com","automaticUpdatePolicy":{}},"serviceConfig":{"service":"projects/korelab-cc-c1a7d/locations/us-central1/services/onincidentwrite","timeoutSeconds":30,"environmentVariables":{"ADMIN_TELEGRAM_CHAT_ID":"1213872477","FIREBASE_CONFIG":"{\"projectId\":\"korelab-cc-c1a7d\",\"storageBucket\":\"korelab-cc-c1a7d.firebasestorage.app\"}","GCLOUD_PROJECT":"korelab-cc-c1a7d","EVENTARC_CLOUD_EVENT_SOURCE":"projects/korelab-cc-c1a7d/locations/us-central1/services/onIncidentWrite","FUNCTION_SIGNATURE_TYPE":"cloudevent","FUNCTION_TARGET":"onIncidentWrite","LOG_EXECUTION_ID":"true"},"maxInstanceCount":20,"ingressSettings":"ALLOW_ALL","uri":"https://onincidentwrite-o56pcdenta-uc.a.run.app","serviceAccountEmail":"805415860635-compute@developer.gserviceaccount.com","availableMemory":"256Mi","allTrafficOnLatestRevision":true,"revision":"onincidentwrite-00005-hep","maxInstanceRequestConcurrency":80,"availableCpu":"1"},"eventTrigger":{"trigger":"projects/korelab-cc-c1a7d/locations/eur3/triggers/onincidentwrite-834441","triggerRegion":"eur3","eventType":"google.cloud.firestore.document.v1.written","eventFilters":[{"attribute":"database","value":"(default)"},{"attribute":"namespace","value":"(default)"},{"attribute":"document","value":"incidents/{id}","operator":"match-path-pattern"}],"pubsubTopic":"projects/korelab-cc-c1a7d/topics/eventarc-eur3-onincidentwrite-834441-499","serviceAccountEmail":"805415860635-compute@developer.gserviceaccount.com","retryPolicy":"RETRY_POLICY_DO_NOT_RETRY"},"state":"ACTIVE","updateTime":"2026-05-11T09:43:43.743440579Z","labels":{"firebase-functions-hash":"30cdbf07ebe2af36d665694a971bef0e1f0dca28","deployment-tool":"cli-firebase"},"environment":"GEN_2","url":"https://us-central1-korelab-cc-c1a7d.cloudfunctions.net/onIncidentWrite","createTime":"2026-05-10T19:54:05.590814286Z","satisfiesPzi":true},{"name":"projects/korelab-cc-c1a7d/locations/us-central1/functions/internalChecks","buildConfig":{"build":"projects/805415860635/locations/us-central1/builds/14831e7e-068f-422b-8063-c3e6122b6839","runtime":"nodejs22","entryPoint":"internalChecks","source":{"storageSource":{"bucket":"gcf-v2-sources-805415860635-us-central1","object":"internalChecks/function-source.zip","generation":"1778492572026903"}},"environmentVariables":{"GOOGLE_NODE_RUN_SCRIPTS":""},"dockerRepository":"projects/korelab-cc-c1a7d/locations/us-central1/repositories/gcf-artifacts","sourceProvenance":{"resolvedStorageSource":{"bucket":"gcf-v2-sources-805415860635-us-central1","object":"internalChecks/function-source.zip","generation":"1778492572026903"}},"dockerRegistry":"ARTIFACT_REGISTRY","serviceAccount":"projects/korelab-cc-c1a7d/serviceAccounts/805415860635-compute@developer.gserviceaccount.com","automaticUpdatePolicy":{}},"serviceConfig":{"service":"projects/korelab-cc-c1a7d/locations/us-central1/services/internalchecks","timeoutSeconds":540,"environmentVariables":{"ADMIN_TELEGRAM_CHAT_ID":"1213872477","FIREBASE_CONFIG":"{\"projectId\":\"korelab-cc-c1a7d\",\"storageBucket\":\"korelab-cc-c1a7d.firebasestorage.app\"}","GCLOUD_PROJECT":"korelab-cc-c1a7d","EVENTARC_CLOUD_EVENT_SOURCE":"projects/korelab-cc-c1a7d/locations/us-central1/services/internalChecks","FUNCTION_TARGET":"internalChecks","LOG_EXECUTION_ID":"true"},"maxInstanceCount":1,"ingressSettings":"ALLOW_ALL","uri":"https://internalchecks-o56pcdenta-uc.a.run.app","serviceAccountEmail":"805415860635-compute@developer.gserviceaccount.com","availableMemory":"256Mi","allTrafficOnLatestRevision":true,"revision":"internalchecks-00007-xif","maxInstanceRequestConcurrency":80,"availableCpu":"1"},"state":"ACTIVE","updateTime":"2026-05-11T09:43:40.575055633Z","labels":{"deployment-tool":"cli-firebase","deployment-scheduled":"true","firebase-functions-hash":"30cdbf07ebe2af36d665694a971bef0e1f0dca28"},"environment":"GEN_2","url":"https://us-central1-korelab-cc-c1a7d.cloudfunctions.net/internalChecks","createTime":"2026-05-10T19:49:34.675290478Z","satisfiesPzi":true},{"name":"projects/korelab-cc-c1a7d/locations/us-central1/functions/weeklyHealthCheck","buildConfig":{"build":"projects/805415860635/locations/us-central1/builds/14831e7e-068f-422b-8063-c3e6122b6839","runtime":"nodejs22","entryPoint":"weeklyHealthCheck","source":{"storageSource":{"bucket":"gcf-v2-sources-805415860635-us-central1","object":"weeklyHealthCheck/function-source.zip","generation":"1778492614772610"}},"environmentVariables":{"GOOGLE_NODE_RUN_SCRIPTS":""},"dockerRepository":"projects/korelab-cc-c1a7d/locations/us-central1/repositories/gcf-artifacts","sourceProvenance":{"resolvedStorageSource":{"bucket":"gcf-v2-sources-805415860635-us-central1","object":"weeklyHealthCheck/function-source.zip","generation":"1778492614772610"}},"dockerRegistry":"ARTIFACT_REGISTRY","serviceAccount":"projects/korelab-cc-c1a7d/serviceAccounts/805415860635-compute@developer.gserviceaccount.com","automaticUpdatePolicy":{}},"serviceConfig":{"service":"projects/korelab-cc-c1a7d/locations/us-central1/services/weeklyhealthcheck","timeoutSeconds":120,"environmentVariables":{"ADMIN_TELEGRAM_CHAT_ID":"1213872477","FIREBASE_CONFIG":"{\"projectId\":\"korelab-cc-c1a7d\",\"storageBucket\":\"korelab-cc-c1a7d.firebasestorage.app\"}","GCLOUD_PROJECT":"korelab-cc-c1a7d","EVENTARC_CLOUD_EVENT_SOURCE":"projects/korelab-cc-c1a7d/locations/us-central1/services/weeklyHealthCheck","FUNCTION_TARGET":"weeklyHealthCheck","LOG_EXECUTION_ID":"true","FUNCTION_SIGNATURE_TYPE":"http"},"maxInstanceCount":1,"ingressSettings":"ALLOW_ALL","uri":"https://weeklyhealthcheck-o56pcdenta-uc.a.run.app","serviceAccountEmail":"805415860635-compute@developer.gserviceaccount.com","availableMemory":"256Mi","allTrafficOnLatestRevision":true,"revision":"weeklyhealthcheck-00005-wum","maxInstanceRequestConcurrency":80,"availableCpu":"1"},"state":"ACTIVE","updateTime":"2026-05-11T09:43:41.997172831Z","labels":{"deployment-tool":"cli-firebase","deployment-scheduled":"true","firebase-functions-hash":"30cdbf07ebe2af36d665694a971bef0e1f0dca28"},"environment":"GEN_2","url":"https://us-central1-korelab-cc-c1a7d.cloudfunctions.net/weeklyHealthCheck","createTime":"2026-05-10T19:49:34.666279999Z","satisfiesPzi":true}]}
[debug] [2026-05-11T10:17:53.136Z] Checked if tokens are valid: true, expires at: 1778497272330
[debug] [2026-05-11T10:17:53.136Z] Checked if tokens are valid: true, expires at: 1778497272330
[debug] [2026-05-11T10:17:53.137Z] >>> [apiv2][query] GET https://firestore.googleapis.com/v1/projects/korelab-cc-c1a7d/databases/(default) [none]
[debug] [2026-05-11T10:17:53.414Z] <<< [apiv2][status] GET https://firestore.googleapis.com/v1/projects/korelab-cc-c1a7d/databases/(default) 200
[debug] [2026-05-11T10:17:53.414Z] <<< [apiv2][body] GET https://firestore.googleapis.com/v1/projects/korelab-cc-c1a7d/databases/(default) {"name":"projects/korelab-cc-c1a7d/databases/(default)","uid":"3c004e5d-6034-4787-8893-bb091dba435f","createTime":"2026-05-10T19:28:22.615283Z","updateTime":"2026-05-10T19:28:22.615283Z","locationId":"eur3","type":"FIRESTORE_NATIVE","concurrencyMode":"PESSIMISTIC","versionRetentionPeriod":"3600s","earliestVersionTime":"2026-05-11T09:17:54.735744Z","appEngineIntegrationMode":"DISABLED","keyPrefix":"e","pointInTimeRecoveryEnablement":"POINT_IN_TIME_RECOVERY_DISABLED","deleteProtectionState":"DELETE_PROTECTION_DISABLED","databaseEdition":"STANDARD","freeTier":true,"realtimeUpdatesMode":"REALTIME_UPDATES_MODE_ENABLED","etag":"IIygyvqAsZQDMLPHioq9r5QD"}
[info] i  functions: ensuring required API cloudscheduler.googleapis.com is enabled... 
[info] i  functions: ensuring required API run.googleapis.com is enabled... 
[info] i  functions: ensuring required API eventarc.googleapis.com is enabled... 
[info] i  functions: ensuring required API pubsub.googleapis.com is enabled... 
[info] i  functions: ensuring required API storage.googleapis.com is enabled... 
[info] i  functions: generating the service identity for pubsub.googleapis.com... 
[debug] [2026-05-11T10:17:53.419Z] Checked if tokens are valid: true, expires at: 1778497272330
[debug] [2026-05-11T10:17:53.420Z] Checked if tokens are valid: true, expires at: 1778497272330
[info] i  functions: generating the service identity for eventarc.googleapis.com... 
[debug] [2026-05-11T10:17:53.420Z] Checked if tokens are valid: true, expires at: 1778497272330
[debug] [2026-05-11T10:17:53.420Z] Checked if tokens are valid: true, expires at: 1778497272330
[debug] [2026-05-11T10:17:53.420Z] >>> [apiv2][query] POST https://serviceusage.googleapis.com/v1beta1/projects/805415860635/services/pubsub.googleapis.com:generateServiceIdentity [none]
[debug] [2026-05-11T10:17:53.420Z] >>> [apiv2][(partial)header] POST https://serviceusage.googleapis.com/v1beta1/projects/805415860635/services/pubsub.googleapis.com:generateServiceIdentity  x-goog-user-project=805415860635
[debug] [2026-05-11T10:17:53.420Z] >>> [apiv2][body] POST https://serviceusage.googleapis.com/v1beta1/projects/805415860635/services/pubsub.googleapis.com:generateServiceIdentity {}
[debug] [2026-05-11T10:17:53.422Z] >>> [apiv2][query] POST https://serviceusage.googleapis.com/v1beta1/projects/805415860635/services/eventarc.googleapis.com:generateServiceIdentity [none]
[debug] [2026-05-11T10:17:53.422Z] >>> [apiv2][(partial)header] POST https://serviceusage.googleapis.com/v1beta1/projects/805415860635/services/eventarc.googleapis.com:generateServiceIdentity  x-goog-user-project=805415860635
[debug] [2026-05-11T10:17:53.422Z] >>> [apiv2][body] POST https://serviceusage.googleapis.com/v1beta1/projects/805415860635/services/eventarc.googleapis.com:generateServiceIdentity {}
[debug] [2026-05-11T10:17:54.399Z] <<< [apiv2][status] POST https://serviceusage.googleapis.com/v1beta1/projects/805415860635/services/eventarc.googleapis.com:generateServiceIdentity 200
[debug] [2026-05-11T10:17:54.400Z] <<< [apiv2][body] POST https://serviceusage.googleapis.com/v1beta1/projects/805415860635/services/eventarc.googleapis.com:generateServiceIdentity {"name":"operations/finished.DONE_OPERATION","done":true,"response":{"@type":"type.googleapis.com/google.api.serviceusage.v1beta1.ServiceIdentity","email":"service-805415860635@gcp-sa-eventarc.iam.gserviceaccount.com","uniqueId":"108239234860404768631"}}
[debug] [2026-05-11T10:17:54.461Z] <<< [apiv2][status] POST https://serviceusage.googleapis.com/v1beta1/projects/805415860635/services/pubsub.googleapis.com:generateServiceIdentity 200
[debug] [2026-05-11T10:17:54.461Z] <<< [apiv2][body] POST https://serviceusage.googleapis.com/v1beta1/projects/805415860635/services/pubsub.googleapis.com:generateServiceIdentity {"name":"operations/finished.DONE_OPERATION","done":true,"response":{"@type":"type.googleapis.com/google.api.serviceusage.v1beta1.ServiceIdentity","email":"service-805415860635@gcp-sa-pubsub.iam.gserviceaccount.com","uniqueId":"107786206230021628205"}}
[debug] [2026-05-11T10:17:54.464Z] Checked if tokens are valid: true, expires at: 1778497272330
[debug] [2026-05-11T10:17:54.464Z] Checked if tokens are valid: true, expires at: 1778497272330
[debug] [2026-05-11T10:17:54.464Z] >>> [apiv2][query] GET https://cloudresourcemanager.googleapis.com/v1/projects/korelab-cc-c1a7d [none]
[debug] [2026-05-11T10:17:54.695Z] <<< [apiv2][status] GET https://cloudresourcemanager.googleapis.com/v1/projects/korelab-cc-c1a7d 200
[debug] [2026-05-11T10:17:54.695Z] <<< [apiv2][body] GET https://cloudresourcemanager.googleapis.com/v1/projects/korelab-cc-c1a7d {"projectNumber":"805415860635","projectId":"korelab-cc-c1a7d","lifecycleState":"ACTIVE","name":"korelab-cc","labels":{"firebase":"enabled","firebase-core":"disabled"},"createTime":"2026-05-10T19:27:05.362Z"}
[debug] [2026-05-11T10:17:54.696Z] Checked if tokens are valid: true, expires at: 1778497272330
[debug] [2026-05-11T10:17:54.696Z] Checked if tokens are valid: true, expires at: 1778497272330
[debug] [2026-05-11T10:17:54.696Z] >>> [apiv2][query] GET https://compute.googleapis.com/compute/v1/projects/805415860635 [none]
[debug] [2026-05-11T10:17:54.979Z] <<< [apiv2][status] GET https://compute.googleapis.com/compute/v1/projects/805415860635 403
[debug] [2026-05-11T10:17:54.979Z] <<< [apiv2][body] GET https://compute.googleapis.com/compute/v1/projects/805415860635 {"error":{"code":403,"message":"Compute Engine API has not been used in project 805415860635 before or it is disabled. Enable it by visiting https://console.developers.google.com/apis/api/compute.googleapis.com/overview?project=805415860635 then retry. If you enabled this API recently, wait a few minutes for the action to propagate to our systems and retry.","errors":[{"message":"Compute Engine API has not been used in project 805415860635 before or it is disabled. Enable it by visiting https://console.developers.google.com/apis/api/compute.googleapis.com/overview?project=805415860635 then retry. If you enabled this API recently, wait a few minutes for the action to propagate to our systems and retry.","domain":"usageLimits","reason":"accessNotConfigured","extendedHelp":"https://console.developers.google.com"}],"status":"PERMISSION_DENIED","details":[{"@type":"type.googleapis.com/google.rpc.ErrorInfo","reason":"SERVICE_DISABLED","domain":"googleapis.com","metadata":{"serviceTitle":"Compute Engine API","service":"compute.googleapis.com","activationUrl":"https://console.developers.google.com/apis/api/compute.googleapis.com/overview?project=805415860635","consumer":"projects/805415860635","containerInfo":"805415860635"}},{"@type":"type.googleapis.com/google.rpc.LocalizedMessage","locale":"en-US","message":"Compute Engine API has not been used in project 805415860635 before or it is disabled. Enable it by visiting https://console.developers.google.com/apis/api/compute.googleapis.com/overview?project=805415860635 then retry. If you enabled this API recently, wait a few minutes for the action to propagate to our systems and retry."},{"@type":"type.googleapis.com/google.rpc.Help","links":[{"description":"Google developers console API activation","url":"https://console.developers.google.com/apis/api/compute.googleapis.com/overview?project=805415860635"}]}]}}
[debug] [2026-05-11T10:17:54.980Z] unable to look up default compute service account. Falling back to 805415860635-compute@developer.gserviceaccount.com. Error: {"name":"FirebaseError","children":[],"context":{"body":{"error":{"code":403,"message":"Compute Engine API has not been used in project 805415860635 before or it is disabled. Enable it by visiting https://console.developers.google.com/apis/api/compute.googleapis.com/overview?project=805415860635 then retry. If you enabled this API recently, wait a few minutes for the action to propagate to our systems and retry.","errors":[{"message":"Compute Engine API has not been used in project 805415860635 before or it is disabled. Enable it by visiting https://console.developers.google.com/apis/api/compute.googleapis.com/overview?project=805415860635 then retry. If you enabled this API recently, wait a few minutes for the action to propagate to our systems and retry.","domain":"usageLimits","reason":"accessNotConfigured","extendedHelp":"https://console.developers.google.com"}],"status":"PERMISSION_DENIED","details":[{"@type":"type.googleapis.com/google.rpc.ErrorInfo","reason":"SERVICE_DISABLED","domain":"googleapis.com","metadata":{"serviceTitle":"Compute Engine API","service":"compute.googleapis.com","activationUrl":"https://console.developers.google.com/apis/api/compute.googleapis.com/overview?project=805415860635","consumer":"projects/805415860635","containerInfo":"805415860635"}},{"@type":"type.googleapis.com/google.rpc.LocalizedMessage","locale":"en-US","message":"Compute Engine API has not been used in project 805415860635 before or it is disabled. Enable it by visiting https://console.developers.google.com/apis/api/compute.googleapis.com/overview?project=805415860635 then retry. If you enabled this API recently, wait a few minutes for the action to propagate to our systems and retry."},{"@type":"type.googleapis.com/google.rpc.Help","links":[{"description":"Google developers console API activation","url":"https://console.developers.google.com/apis/api/compute.googleapis.com/overview?project=805415860635"}]}]}},"response":{"statusCode":403}},"exit":1,"message":"Request to https://compute.googleapis.com/compute/v1/projects/805415860635 had HTTP Error: 403, Compute Engine API has not been used in project 805415860635 before or it is disabled. Enable it by visiting https://console.developers.google.com/apis/api/compute.googleapis.com/overview?project=805415860635 then retry. If you enabled this API recently, wait a few minutes for the action to propagate to our systems and retry.","status":403}
[debug] [2026-05-11T10:17:54.980Z] Checked if tokens are valid: true, expires at: 1778497272330
[debug] [2026-05-11T10:17:54.980Z] Checked if tokens are valid: true, expires at: 1778497272330
[debug] [2026-05-11T10:17:54.980Z] >>> [apiv2][query] GET https://compute.googleapis.com/compute/v1/projects/805415860635 [none]
[debug] [2026-05-11T10:17:55.188Z] <<< [apiv2][status] GET https://compute.googleapis.com/compute/v1/projects/805415860635 403
[debug] [2026-05-11T10:17:55.189Z] <<< [apiv2][body] GET https://compute.googleapis.com/compute/v1/projects/805415860635 {"error":{"code":403,"message":"Compute Engine API has not been used in project 805415860635 before or it is disabled. Enable it by visiting https://console.developers.google.com/apis/api/compute.googleapis.com/overview?project=805415860635 then retry. If you enabled this API recently, wait a few minutes for the action to propagate to our systems and retry.","errors":[{"message":"Compute Engine API has not been used in project 805415860635 before or it is disabled. Enable it by visiting https://console.developers.google.com/apis/api/compute.googleapis.com/overview?project=805415860635 then retry. If you enabled this API recently, wait a few minutes for the action to propagate to our systems and retry.","domain":"usageLimits","reason":"accessNotConfigured","extendedHelp":"https://console.developers.google.com"}],"status":"PERMISSION_DENIED","details":[{"@type":"type.googleapis.com/google.rpc.ErrorInfo","reason":"SERVICE_DISABLED","domain":"googleapis.com","metadata":{"service":"compute.googleapis.com","serviceTitle":"Compute Engine API","consumer":"projects/805415860635","activationUrl":"https://console.developers.google.com/apis/api/compute.googleapis.com/overview?project=805415860635","containerInfo":"805415860635"}},{"@type":"type.googleapis.com/google.rpc.LocalizedMessage","locale":"en-US","message":"Compute Engine API has not been used in project 805415860635 before or it is disabled. Enable it by visiting https://console.developers.google.com/apis/api/compute.googleapis.com/overview?project=805415860635 then retry. If you enabled this API recently, wait a few minutes for the action to propagate to our systems and retry."},{"@type":"type.googleapis.com/google.rpc.Help","links":[{"description":"Google developers console API activation","url":"https://console.developers.google.com/apis/api/compute.googleapis.com/overview?project=805415860635"}]}]}}
[debug] [2026-05-11T10:17:55.189Z] unable to look up default compute service account. Falling back to 805415860635-compute@developer.gserviceaccount.com. Error: {"name":"FirebaseError","children":[],"context":{"body":{"error":{"code":403,"message":"Compute Engine API has not been used in project 805415860635 before or it is disabled. Enable it by visiting https://console.developers.google.com/apis/api/compute.googleapis.com/overview?project=805415860635 then retry. If you enabled this API recently, wait a few minutes for the action to propagate to our systems and retry.","errors":[{"message":"Compute Engine API has not been used in project 805415860635 before or it is disabled. Enable it by visiting https://console.developers.google.com/apis/api/compute.googleapis.com/overview?project=805415860635 then retry. If you enabled this API recently, wait a few minutes for the action to propagate to our systems and retry.","domain":"usageLimits","reason":"accessNotConfigured","extendedHelp":"https://console.developers.google.com"}],"status":"PERMISSION_DENIED","details":[{"@type":"type.googleapis.com/google.rpc.ErrorInfo","reason":"SERVICE_DISABLED","domain":"googleapis.com","metadata":{"service":"compute.googleapis.com","serviceTitle":"Compute Engine API","consumer":"projects/805415860635","activationUrl":"https://console.developers.google.com/apis/api/compute.googleapis.com/overview?project=805415860635","containerInfo":"805415860635"}},{"@type":"type.googleapis.com/google.rpc.LocalizedMessage","locale":"en-US","message":"Compute Engine API has not been used in project 805415860635 before or it is disabled. Enable it by visiting https://console.developers.google.com/apis/api/compute.googleapis.com/overview?project=805415860635 then retry. If you enabled this API recently, wait a few minutes for the action to propagate to our systems and retry."},{"@type":"type.googleapis.com/google.rpc.Help","links":[{"description":"Google developers console API activation","url":"https://console.developers.google.com/apis/api/compute.googleapis.com/overview?project=805415860635"}]}]}},"response":{"statusCode":403}},"exit":1,"message":"Request to https://compute.googleapis.com/compute/v1/projects/805415860635 had HTTP Error: 403, Compute Engine API has not been used in project 805415860635 before or it is disabled. Enable it by visiting https://console.developers.google.com/apis/api/compute.googleapis.com/overview?project=805415860635 then retry. If you enabled this API recently, wait a few minutes for the action to propagate to our systems and retry.","status":403}
[debug] [2026-05-11T10:17:55.189Z] Checked if tokens are valid: true, expires at: 1778497272330
[debug] [2026-05-11T10:17:55.189Z] Checked if tokens are valid: true, expires at: 1778497272330
[debug] [2026-05-11T10:17:55.189Z] >>> [apiv2][query] GET https://compute.googleapis.com/compute/v1/projects/805415860635 [none]
[debug] [2026-05-11T10:17:55.375Z] <<< [apiv2][status] GET https://compute.googleapis.com/compute/v1/projects/805415860635 403
[debug] [2026-05-11T10:17:55.375Z] <<< [apiv2][body] GET https://compute.googleapis.com/compute/v1/projects/805415860635 {"error":{"code":403,"message":"Compute Engine API has not been used in project 805415860635 before or it is disabled. Enable it by visiting https://console.developers.google.com/apis/api/compute.googleapis.com/overview?project=805415860635 then retry. If you enabled this API recently, wait a few minutes for the action to propagate to our systems and retry.","errors":[{"message":"Compute Engine API has not been used in project 805415860635 before or it is disabled. Enable it by visiting https://console.developers.google.com/apis/api/compute.googleapis.com/overview?project=805415860635 then retry. If you enabled this API recently, wait a few minutes for the action to propagate to our systems and retry.","domain":"usageLimits","reason":"accessNotConfigured","extendedHelp":"https://console.developers.google.com"}],"status":"PERMISSION_DENIED","details":[{"@type":"type.googleapis.com/google.rpc.ErrorInfo","reason":"SERVICE_DISABLED","domain":"googleapis.com","metadata":{"service":"compute.googleapis.com","serviceTitle":"Compute Engine API","activationUrl":"https://console.developers.google.com/apis/api/compute.googleapis.com/overview?project=805415860635","consumer":"projects/805415860635","containerInfo":"805415860635"}},{"@type":"type.googleapis.com/google.rpc.LocalizedMessage","locale":"en-US","message":"Compute Engine API has not been used in project 805415860635 before or it is disabled. Enable it by visiting https://console.developers.google.com/apis/api/compute.googleapis.com/overview?project=805415860635 then retry. If you enabled this API recently, wait a few minutes for the action to propagate to our systems and retry."},{"@type":"type.googleapis.com/google.rpc.Help","links":[{"description":"Google developers console API activation","url":"https://console.developers.google.com/apis/api/compute.googleapis.com/overview?project=805415860635"}]}]}}
[debug] [2026-05-11T10:17:55.375Z] unable to look up default compute service account. Falling back to 805415860635-compute@developer.gserviceaccount.com. Error: {"name":"FirebaseError","children":[],"context":{"body":{"error":{"code":403,"message":"Compute Engine API has not been used in project 805415860635 before or it is disabled. Enable it by visiting https://console.developers.google.com/apis/api/compute.googleapis.com/overview?project=805415860635 then retry. If you enabled this API recently, wait a few minutes for the action to propagate to our systems and retry.","errors":[{"message":"Compute Engine API has not been used in project 805415860635 before or it is disabled. Enable it by visiting https://console.developers.google.com/apis/api/compute.googleapis.com/overview?project=805415860635 then retry. If you enabled this API recently, wait a few minutes for the action to propagate to our systems and retry.","domain":"usageLimits","reason":"accessNotConfigured","extendedHelp":"https://console.developers.google.com"}],"status":"PERMISSION_DENIED","details":[{"@type":"type.googleapis.com/google.rpc.ErrorInfo","reason":"SERVICE_DISABLED","domain":"googleapis.com","metadata":{"service":"compute.googleapis.com","serviceTitle":"Compute Engine API","activationUrl":"https://console.developers.google.com/apis/api/compute.googleapis.com/overview?project=805415860635","consumer":"projects/805415860635","containerInfo":"805415860635"}},{"@type":"type.googleapis.com/google.rpc.LocalizedMessage","locale":"en-US","message":"Compute Engine API has not been used in project 805415860635 before or it is disabled. Enable it by visiting https://console.developers.google.com/apis/api/compute.googleapis.com/overview?project=805415860635 then retry. If you enabled this API recently, wait a few minutes for the action to propagate to our systems and retry."},{"@type":"type.googleapis.com/google.rpc.Help","links":[{"description":"Google developers console API activation","url":"https://console.developers.google.com/apis/api/compute.googleapis.com/overview?project=805415860635"}]}]}},"response":{"statusCode":403}},"exit":1,"message":"Request to https://compute.googleapis.com/compute/v1/projects/805415860635 had HTTP Error: 403, Compute Engine API has not been used in project 805415860635 before or it is disabled. Enable it by visiting https://console.developers.google.com/apis/api/compute.googleapis.com/overview?project=805415860635 then retry. If you enabled this API recently, wait a few minutes for the action to propagate to our systems and retry.","status":403}
[debug] [2026-05-11T10:17:55.375Z] Checked if tokens are valid: true, expires at: 1778497272330
[debug] [2026-05-11T10:17:55.375Z] Checked if tokens are valid: true, expires at: 1778497272330
[debug] [2026-05-11T10:17:55.375Z] >>> [apiv2][query] GET https://compute.googleapis.com/compute/v1/projects/805415860635 [none]
[debug] [2026-05-11T10:17:55.567Z] <<< [apiv2][status] GET https://compute.googleapis.com/compute/v1/projects/805415860635 403
[debug] [2026-05-11T10:17:55.567Z] <<< [apiv2][body] GET https://compute.googleapis.com/compute/v1/projects/805415860635 {"error":{"code":403,"message":"Compute Engine API has not been used in project 805415860635 before or it is disabled. Enable it by visiting https://console.developers.google.com/apis/api/compute.googleapis.com/overview?project=805415860635 then retry. If you enabled this API recently, wait a few minutes for the action to propagate to our systems and retry.","errors":[{"message":"Compute Engine API has not been used in project 805415860635 before or it is disabled. Enable it by visiting https://console.developers.google.com/apis/api/compute.googleapis.com/overview?project=805415860635 then retry. If you enabled this API recently, wait a few minutes for the action to propagate to our systems and retry.","domain":"usageLimits","reason":"accessNotConfigured","extendedHelp":"https://console.developers.google.com"}],"status":"PERMISSION_DENIED","details":[{"@type":"type.googleapis.com/google.rpc.ErrorInfo","reason":"SERVICE_DISABLED","domain":"googleapis.com","metadata":{"activationUrl":"https://console.developers.google.com/apis/api/compute.googleapis.com/overview?project=805415860635","service":"compute.googleapis.com","serviceTitle":"Compute Engine API","containerInfo":"805415860635","consumer":"projects/805415860635"}},{"@type":"type.googleapis.com/google.rpc.LocalizedMessage","locale":"en-US","message":"Compute Engine API has not been used in project 805415860635 before or it is disabled. Enable it by visiting https://console.developers.google.com/apis/api/compute.googleapis.com/overview?project=805415860635 then retry. If you enabled this API recently, wait a few minutes for the action to propagate to our systems and retry."},{"@type":"type.googleapis.com/google.rpc.Help","links":[{"description":"Google developers console API activation","url":"https://console.developers.google.com/apis/api/compute.googleapis.com/overview?project=805415860635"}]}]}}
[debug] [2026-05-11T10:17:55.567Z] unable to look up default compute service account. Falling back to 805415860635-compute@developer.gserviceaccount.com. Error: {"name":"FirebaseError","children":[],"context":{"body":{"error":{"code":403,"message":"Compute Engine API has not been used in project 805415860635 before or it is disabled. Enable it by visiting https://console.developers.google.com/apis/api/compute.googleapis.com/overview?project=805415860635 then retry. If you enabled this API recently, wait a few minutes for the action to propagate to our systems and retry.","errors":[{"message":"Compute Engine API has not been used in project 805415860635 before or it is disabled. Enable it by visiting https://console.developers.google.com/apis/api/compute.googleapis.com/overview?project=805415860635 then retry. If you enabled this API recently, wait a few minutes for the action to propagate to our systems and retry.","domain":"usageLimits","reason":"accessNotConfigured","extendedHelp":"https://console.developers.google.com"}],"status":"PERMISSION_DENIED","details":[{"@type":"type.googleapis.com/google.rpc.ErrorInfo","reason":"SERVICE_DISABLED","domain":"googleapis.com","metadata":{"activationUrl":"https://console.developers.google.com/apis/api/compute.googleapis.com/overview?project=805415860635","service":"compute.googleapis.com","serviceTitle":"Compute Engine API","containerInfo":"805415860635","consumer":"projects/805415860635"}},{"@type":"type.googleapis.com/google.rpc.LocalizedMessage","locale":"en-US","message":"Compute Engine API has not been used in project 805415860635 before or it is disabled. Enable it by visiting https://console.developers.google.com/apis/api/compute.googleapis.com/overview?project=805415860635 then retry. If you enabled this API recently, wait a few minutes for the action to propagate to our systems and retry."},{"@type":"type.googleapis.com/google.rpc.Help","links":[{"description":"Google developers console API activation","url":"https://console.developers.google.com/apis/api/compute.googleapis.com/overview?project=805415860635"}]}]}},"response":{"statusCode":403}},"exit":1,"message":"Request to https://compute.googleapis.com/compute/v1/projects/805415860635 had HTTP Error: 403, Compute Engine API has not been used in project 805415860635 before or it is disabled. Enable it by visiting https://console.developers.google.com/apis/api/compute.googleapis.com/overview?project=805415860635 then retry. If you enabled this API recently, wait a few minutes for the action to propagate to our systems and retry.","status":403}
[debug] [2026-05-11T10:17:55.568Z] Checked if tokens are valid: true, expires at: 1778497272330
[debug] [2026-05-11T10:17:55.569Z] Checked if tokens are valid: true, expires at: 1778497272330
[debug] [2026-05-11T10:17:55.569Z] >>> [apiv2][query] GET https://cloudbilling.googleapis.com/v1/projects/korelab-cc-c1a7d/billingInfo [none]
[debug] [2026-05-11T10:17:55.862Z] <<< [apiv2][status] GET https://cloudbilling.googleapis.com/v1/projects/korelab-cc-c1a7d/billingInfo 200
[debug] [2026-05-11T10:17:55.862Z] <<< [apiv2][body] GET https://cloudbilling.googleapis.com/v1/projects/korelab-cc-c1a7d/billingInfo {"name":"projects/korelab-cc-c1a7d/billingInfo","projectId":"korelab-cc-c1a7d","billingAccountName":"billingAccounts/0149E0-56E2AB-0A1591","billingEnabled":true}
[debug] [2026-05-11T10:17:55.863Z] Checked if tokens are valid: true, expires at: 1778497272330
[debug] [2026-05-11T10:17:55.863Z] Checked if tokens are valid: true, expires at: 1778497272330
[debug] [2026-05-11T10:17:55.863Z] >>> [apiv2][query] POST https://cloudfunctions.googleapis.com/v2/projects/korelab-cc-c1a7d/locations/us-central1/functions:generateUploadUrl [none]
[debug] [2026-05-11T10:17:56.689Z] <<< [apiv2][status] POST https://cloudfunctions.googleapis.com/v2/projects/korelab-cc-c1a7d/locations/us-central1/functions:generateUploadUrl 200
[debug] [2026-05-11T10:17:56.689Z] <<< [apiv2][body] POST https://cloudfunctions.googleapis.com/v2/projects/korelab-cc-c1a7d/locations/us-central1/functions:generateUploadUrl {"uploadUrl":"https://storage.googleapis.com/gcf-v2-uploads-805415860635.us-central1.cloudfunctions.appspot.com/df66c465-0813-4c13-a37d-d61b583785e8.zip?GoogleAccessId=service-805415860635@gcf-admin-robot.iam.gserviceaccount.com&Expires=1778496477&Signature=sUJ2tK5%2BatiaXqZtrZylSgOb9DjS%2FnlMy8YxprMPRJBV2HLfcDc2Fwd%2Fu5bYrSkW1xCmkDQEFr%2FcGwfTe2eOWS5qRFdo%2BwR7ifvajxf9mK7CiZDjoguP2BZYwBNqWyNcI3tgXOOsbMY6naK94DRkakSmzDXQxNZmHI211MzEaicdWGAW0%2F43Dm1ZUqamuu0868DsSK9osyR%2FGGBQDC28qGLHlKRz3rL2s70BG8j9UNj0HCHRSg3KihmfIfGotEZQZ7t3Hs%2FHvWoRvmLUJJT4vGIfc3c12HrpdyXMZ0DzKLgoUYdxTuCFq1ATqQBNm9XRAGnmAUPBEBw13VqW0YIc2Q%3D%3D","storageSource":{"bucket":"gcf-v2-uploads-805415860635.us-central1.cloudfunctions.appspot.com","object":"df66c465-0813-4c13-a37d-d61b583785e8.zip"}}
[debug] [2026-05-11T10:17:56.690Z] >>> [apiv2][query] PUT https://storage.googleapis.com/gcf-v2-uploads-805415860635.us-central1.cloudfunctions.appspot.com/df66c465-0813-4c13-a37d-d61b583785e8.zip GoogleAccessId=service-805415860635%40gcf-admin-robot.iam.gserviceaccount.com&Expires=1778496477&Signature=sUJ2tK5%2BatiaXqZtrZylSgOb9DjS%2FnlMy8YxprMPRJBV2HLfcDc2Fwd%2Fu5bYrSkW1xCmkDQEFr%2FcGwfTe2eOWS5qRFdo%2BwR7ifvajxf9mK7CiZDjoguP2BZYwBNqWyNcI3tgXOOsbMY6naK94DRkakSmzDXQxNZmHI211MzEaicdWGAW0%2F43Dm1ZUqamuu0868DsSK9osyR%2FGGBQDC28qGLHlKRz3rL2s70BG8j9UNj0HCHRSg3KihmfIfGotEZQZ7t3Hs%2FHvWoRvmLUJJT4vGIfc3c12HrpdyXMZ0DzKLgoUYdxTuCFq1ATqQBNm9XRAGnmAUPBEBw13VqW0YIc2Q%3D%3D
[debug] [2026-05-11T10:17:56.690Z] >>> [apiv2][body] PUT https://storage.googleapis.com/gcf-v2-uploads-805415860635.us-central1.cloudfunctions.appspot.com/df66c465-0813-4c13-a37d-d61b583785e8.zip [stream]
[debug] [2026-05-11T10:17:57.379Z] <<< [apiv2][status] PUT https://storage.googleapis.com/gcf-v2-uploads-805415860635.us-central1.cloudfunctions.appspot.com/df66c465-0813-4c13-a37d-d61b583785e8.zip 200
[debug] [2026-05-11T10:17:57.379Z] <<< [apiv2][body] PUT https://storage.googleapis.com/gcf-v2-uploads-805415860635.us-central1.cloudfunctions.appspot.com/df66c465-0813-4c13-a37d-d61b583785e8.zip [omitted]
[info] +  functions: functions source uploaded successfully 
[info] i  functions: updating Node.js 22 (2nd Gen) function internalChecks(us-central1)... 
[info] i  functions: updating Node.js 22 (2nd Gen) function onIncidentWrite(us-central1)... 
[info] i  functions: updating Node.js 22 (2nd Gen) function resolveStableUp(us-central1)... 
[info] i  functions: updating Node.js 22 (2nd Gen) function weeklyHealthCheck(us-central1)... 
[debug] [2026-05-11T10:17:57.387Z] Checked if tokens are valid: true, expires at: 1778497272330
[debug] [2026-05-11T10:17:57.387Z] Checked if tokens are valid: true, expires at: 1778497272330
[debug] [2026-05-11T10:17:57.387Z] >>> [apiv2][query] PATCH https://cloudfunctions.googleapis.com/v2/projects/korelab-cc-c1a7d/locations/us-central1/functions/internalChecks updateMask=name%2CbuildConfig.runtime%2CbuildConfig.entryPoint%2CbuildConfig.source.storageSource.bucket%2CbuildConfig.source.storageSource.object%2CbuildConfig.environmentVariables%2CbuildConfig.sourceToken%2CserviceConfig.environmentVariables%2CserviceConfig.ingressSettings%2CserviceConfig.timeoutSeconds%2CserviceConfig.serviceAccountEmail%2CserviceConfig.availableMemory%2CserviceConfig.minInstanceCount%2CserviceConfig.maxInstanceCount%2CserviceConfig.maxInstanceRequestConcurrency%2CserviceConfig.availableCpu%2CserviceConfig.vpcConnector%2CserviceConfig.vpcConnectorEgressSettings%2CserviceConfig.directVpcNetworkInterface%2CserviceConfig.directVpcEgress%2Clabels
[debug] [2026-05-11T10:17:57.387Z] >>> [apiv2][body] PATCH https://cloudfunctions.googleapis.com/v2/projects/korelab-cc-c1a7d/locations/us-central1/functions/internalChecks {"name":"projects/korelab-cc-c1a7d/locations/us-central1/functions/internalChecks","buildConfig":{"runtime":"nodejs22","entryPoint":"internalChecks","source":{"storageSource":{"bucket":"gcf-v2-uploads-805415860635.us-central1.cloudfunctions.appspot.com","object":"df66c465-0813-4c13-a37d-d61b583785e8.zip"}},"environmentVariables":{"GOOGLE_NODE_RUN_SCRIPTS":""}},"serviceConfig":{"environmentVariables":{"ADMIN_TELEGRAM_CHAT_ID":"1213872477","FIREBASE_CONFIG":"{\"projectId\":\"korelab-cc-c1a7d\",\"storageBucket\":\"korelab-cc-c1a7d.firebasestorage.app\"}","GCLOUD_PROJECT":"korelab-cc-c1a7d","EVENTARC_CLOUD_EVENT_SOURCE":"projects/korelab-cc-c1a7d/locations/us-central1/services/internalChecks","FUNCTION_TARGET":"internalChecks","LOG_EXECUTION_ID":"true"},"ingressSettings":null,"timeoutSeconds":540,"serviceAccountEmail":null,"availableMemory":"256Mi","minInstanceCount":null,"maxInstanceCount":1,"maxInstanceRequestConcurrency":80,"availableCpu":"1","vpcConnector":null,"vpcConnectorEgressSettings":null,"directVpcNetworkInterface":null,"directVpcEgress":null},"labels":{"deployment-tool":"cli-firebase","deployment-scheduled":"true","firebase-functions-hash":"c79e546bcb78ffe80fae589f9526d5918eda8af2"}}
[debug] [2026-05-11T10:17:58.972Z] <<< [apiv2][status] PATCH https://cloudfunctions.googleapis.com/v2/projects/korelab-cc-c1a7d/locations/us-central1/functions/internalChecks 200
[debug] [2026-05-11T10:17:58.972Z] <<< [apiv2][body] PATCH https://cloudfunctions.googleapis.com/v2/projects/korelab-cc-c1a7d/locations/us-central1/functions/internalChecks {"name":"projects/korelab-cc-c1a7d/locations/us-central1/operations/operation-1778494679394-651880f99aa4b-2f5ae688-30fad873","metadata":{"@type":"type.googleapis.com/google.cloud.functions.v2.OperationMetadata","createTime":"2026-05-11T10:18:00.216555263Z","target":"projects/korelab-cc-c1a7d/locations/us-central1/functions/internalChecks","verb":"update","cancelRequested":false,"apiVersion":"v2"},"done":false}
[debug] [2026-05-11T10:17:58.972Z] Checked if tokens are valid: true, expires at: 1778497272330
[debug] [2026-05-11T10:17:58.972Z] Checked if tokens are valid: true, expires at: 1778497272330
[debug] [2026-05-11T10:17:58.973Z] >>> [apiv2][query] GET https://cloudfunctions.googleapis.com/v2/projects/korelab-cc-c1a7d/locations/us-central1/operations/operation-1778494679394-651880f99aa4b-2f5ae688-30fad873 [none]
[debug] [2026-05-11T10:17:59.709Z] <<< [apiv2][status] GET https://cloudfunctions.googleapis.com/v2/projects/korelab-cc-c1a7d/locations/us-central1/operations/operation-1778494679394-651880f99aa4b-2f5ae688-30fad873 200
[debug] [2026-05-11T10:17:59.710Z] <<< [apiv2][body] GET https://cloudfunctions.googleapis.com/v2/projects/korelab-cc-c1a7d/locations/us-central1/operations/operation-1778494679394-651880f99aa4b-2f5ae688-30fad873 {"name":"projects/korelab-cc-c1a7d/locations/us-central1/operations/operation-1778494679394-651880f99aa4b-2f5ae688-30fad873","metadata":{"@type":"type.googleapis.com/google.cloud.functions.v2.OperationMetadata","createTime":"2026-05-11T10:18:00.216555263Z","target":"projects/korelab-cc-c1a7d/locations/us-central1/functions/internalChecks","verb":"update","cancelRequested":false,"apiVersion":"v2","requestResource":{"@type":"type.googleapis.com/google.cloud.functions.v2.Function","name":"projects/korelab-cc-c1a7d/locations/us-central1/functions/internalChecks","buildConfig":{"runtime":"nodejs22","entryPoint":"internalChecks","source":{"storageSource":{"bucket":"gcf-v2-sources-805415860635-us-central1","object":"internalChecks/function-source.zip","generation":"1778494680169264"}},"environmentVariables":{"GOOGLE_NODE_RUN_SCRIPTS":""},"dockerRepository":"projects/korelab-cc-c1a7d/locations/us-central1/repositories/gcf-artifacts","sourceProvenance":{"resolvedStorageSource":{"bucket":"gcf-v2-sources-805415860635-us-central1","object":"internalChecks/function-source.zip","generation":"1778492572026903"}},"dockerRegistry":"ARTIFACT_REGISTRY","serviceAccount":"projects/korelab-cc-c1a7d/serviceAccounts/805415860635-compute@developer.gserviceaccount.com","automaticUpdatePolicy":{}},"serviceConfig":{"service":"projects/korelab-cc-c1a7d/locations/us-central1/services/internalchecks","timeoutSeconds":540,"environmentVariables":{"ADMIN_TELEGRAM_CHAT_ID":"1213872477","FIREBASE_CONFIG":"{\"projectId\":\"korelab-cc-c1a7d\",\"storageBucket\":\"korelab-cc-c1a7d.firebasestorage.app\"}","GCLOUD_PROJECT":"korelab-cc-c1a7d","EVENTARC_CLOUD_EVENT_SOURCE":"projects/korelab-cc-c1a7d/locations/us-central1/services/internalChecks","FUNCTION_TARGET":"internalChecks","LOG_EXECUTION_ID":"true"},"maxInstanceCount":1,"ingressSettings":"ALLOW_ALL","uri":"https://internalchecks-o56pcdenta-uc.a.run.app","serviceAccountEmail":"805415860635-compute@developer.gserviceaccount.com","availableMemory":"256Mi","allTrafficOnLatestRevision":true,"revision":"internalchecks-00007-xif","maxInstanceRequestConcurrency":80,"availableCpu":"1"},"state":"ACTIVE","labels":{"deployment-tool":"cli-firebase","deployment-scheduled":"true","firebase-functions-hash":"c79e546bcb78ffe80fae589f9526d5918eda8af2"},"environment":"GEN_2","url":"https://us-central1-korelab-cc-c1a7d.cloudfunctions.net/internalChecks","satisfiesPzi":true},"stages":[{"name":"BUILD","state":"NOT_STARTED"},{"name":"SERVICE","state":"NOT_STARTED"}],"operationType":"UPDATE_FUNCTION"},"done":false}
[debug] [2026-05-11T10:18:00.216Z] [update-default-us-central1-internalChecks] Retrying task index 0
[debug] [2026-05-11T10:18:00.216Z] Checked if tokens are valid: true, expires at: 1778497272330
[debug] [2026-05-11T10:18:00.216Z] Checked if tokens are valid: true, expires at: 1778497272330
[debug] [2026-05-11T10:18:00.216Z] >>> [apiv2][query] GET https://cloudfunctions.googleapis.com/v2/projects/korelab-cc-c1a7d/locations/us-central1/operations/operation-1778494679394-651880f99aa4b-2f5ae688-30fad873 [none]
[debug] [2026-05-11T10:18:01.052Z] <<< [apiv2][status] GET https://cloudfunctions.googleapis.com/v2/projects/korelab-cc-c1a7d/locations/us-central1/operations/operation-1778494679394-651880f99aa4b-2f5ae688-30fad873 200
[debug] [2026-05-11T10:18:01.052Z] <<< [apiv2][body] GET https://cloudfunctions.googleapis.com/v2/projects/korelab-cc-c1a7d/locations/us-central1/operations/operation-1778494679394-651880f99aa4b-2f5ae688-30fad873 {"name":"projects/korelab-cc-c1a7d/locations/us-central1/operations/operation-1778494679394-651880f99aa4b-2f5ae688-30fad873","metadata":{"@type":"type.googleapis.com/google.cloud.functions.v2.OperationMetadata","createTime":"2026-05-11T10:18:00.216555263Z","target":"projects/korelab-cc-c1a7d/locations/us-central1/functions/internalChecks","verb":"update","cancelRequested":false,"apiVersion":"v2","requestResource":{"@type":"type.googleapis.com/google.cloud.functions.v2.Function","name":"projects/korelab-cc-c1a7d/locations/us-central1/functions/internalChecks","buildConfig":{"runtime":"nodejs22","entryPoint":"internalChecks","source":{"storageSource":{"bucket":"gcf-v2-sources-805415860635-us-central1","object":"internalChecks/function-source.zip","generation":"1778494680169264"}},"environmentVariables":{"GOOGLE_NODE_RUN_SCRIPTS":""},"dockerRepository":"projects/korelab-cc-c1a7d/locations/us-central1/repositories/gcf-artifacts","sourceProvenance":{"resolvedStorageSource":{"bucket":"gcf-v2-sources-805415860635-us-central1","object":"internalChecks/function-source.zip","generation":"1778492572026903"}},"dockerRegistry":"ARTIFACT_REGISTRY","serviceAccount":"projects/korelab-cc-c1a7d/serviceAccounts/805415860635-compute@developer.gserviceaccount.com","automaticUpdatePolicy":{}},"serviceConfig":{"service":"projects/korelab-cc-c1a7d/locations/us-central1/services/internalchecks","timeoutSeconds":540,"environmentVariables":{"ADMIN_TELEGRAM_CHAT_ID":"1213872477","FIREBASE_CONFIG":"{\"projectId\":\"korelab-cc-c1a7d\",\"storageBucket\":\"korelab-cc-c1a7d.firebasestorage.app\"}","GCLOUD_PROJECT":"korelab-cc-c1a7d","EVENTARC_CLOUD_EVENT_SOURCE":"projects/korelab-cc-c1a7d/locations/us-central1/services/internalChecks","FUNCTION_TARGET":"internalChecks","LOG_EXECUTION_ID":"true"},"maxInstanceCount":1,"ingressSettings":"ALLOW_ALL","uri":"https://internalchecks-o56pcdenta-uc.a.run.app","serviceAccountEmail":"805415860635-compute@developer.gserviceaccount.com","availableMemory":"256Mi","allTrafficOnLatestRevision":true,"revision":"internalchecks-00007-xif","maxInstanceRequestConcurrency":80,"availableCpu":"1"},"state":"ACTIVE","labels":{"deployment-tool":"cli-firebase","deployment-scheduled":"true","firebase-functions-hash":"c79e546bcb78ffe80fae589f9526d5918eda8af2"},"environment":"GEN_2","url":"https://us-central1-korelab-cc-c1a7d.cloudfunctions.net/internalChecks","satisfiesPzi":true},"stages":[{"name":"BUILD","message":"Build in progress","state":"IN_PROGRESS","resource":"projects/805415860635/locations/us-central1/builds/2f0a4b99-edd3-429e-ac9b-a67bfa0145d5","resourceUri":"https://console.cloud.google.com/cloud-build/builds;region=us-central1/2f0a4b99-edd3-429e-ac9b-a67bfa0145d5?project=805415860635"},{"name":"SERVICE","state":"NOT_STARTED"}],"operationType":"UPDATE_FUNCTION","buildName":"projects/805415860635/locations/us-central1/builds/2f0a4b99-edd3-429e-ac9b-a67bfa0145d5"},"done":false}
[debug] [2026-05-11T10:18:02.053Z] [update-default-us-central1-internalChecks] Retrying task index 0
[debug] [2026-05-11T10:18:02.053Z] Checked if tokens are valid: true, expires at: 1778497272330
[debug] [2026-05-11T10:18:02.053Z] Checked if tokens are valid: true, expires at: 1778497272330
[debug] [2026-05-11T10:18:02.053Z] >>> [apiv2][query] GET https://cloudfunctions.googleapis.com/v2/projects/korelab-cc-c1a7d/locations/us-central1/operations/operation-1778494679394-651880f99aa4b-2f5ae688-30fad873 [none]
[debug] [2026-05-11T10:18:02.802Z] <<< [apiv2][status] GET https://cloudfunctions.googleapis.com/v2/projects/korelab-cc-c1a7d/locations/us-central1/operations/operation-1778494679394-651880f99aa4b-2f5ae688-30fad873 200
[debug] [2026-05-11T10:18:02.802Z] <<< [apiv2][body] GET https://cloudfunctions.googleapis.com/v2/projects/korelab-cc-c1a7d/locations/us-central1/operations/operation-1778494679394-651880f99aa4b-2f5ae688-30fad873 {"name":"projects/korelab-cc-c1a7d/locations/us-central1/operations/operation-1778494679394-651880f99aa4b-2f5ae688-30fad873","metadata":{"@type":"type.googleapis.com/google.cloud.functions.v2.OperationMetadata","createTime":"2026-05-11T10:18:00.216555263Z","target":"projects/korelab-cc-c1a7d/locations/us-central1/functions/internalChecks","verb":"update","cancelRequested":false,"apiVersion":"v2","requestResource":{"@type":"type.googleapis.com/google.cloud.functions.v2.Function","name":"projects/korelab-cc-c1a7d/locations/us-central1/functions/internalChecks","buildConfig":{"runtime":"nodejs22","entryPoint":"internalChecks","source":{"storageSource":{"bucket":"gcf-v2-sources-805415860635-us-central1","object":"internalChecks/function-source.zip","generation":"1778494680169264"}},"environmentVariables":{"GOOGLE_NODE_RUN_SCRIPTS":""},"dockerRepository":"projects/korelab-cc-c1a7d/locations/us-central1/repositories/gcf-artifacts","sourceProvenance":{"resolvedStorageSource":{"bucket":"gcf-v2-sources-805415860635-us-central1","object":"internalChecks/function-source.zip","generation":"1778492572026903"}},"dockerRegistry":"ARTIFACT_REGISTRY","serviceAccount":"projects/korelab-cc-c1a7d/serviceAccounts/805415860635-compute@developer.gserviceaccount.com","automaticUpdatePolicy":{}},"serviceConfig":{"service":"projects/korelab-cc-c1a7d/locations/us-central1/services/internalchecks","timeoutSeconds":540,"environmentVariables":{"ADMIN_TELEGRAM_CHAT_ID":"1213872477","FIREBASE_CONFIG":"{\"projectId\":\"korelab-cc-c1a7d\",\"storageBucket\":\"korelab-cc-c1a7d.firebasestorage.app\"}","GCLOUD_PROJECT":"korelab-cc-c1a7d","EVENTARC_CLOUD_EVENT_SOURCE":"projects/korelab-cc-c1a7d/locations/us-central1/services/internalChecks","FUNCTION_TARGET":"internalChecks","LOG_EXECUTION_ID":"true"},"maxInstanceCount":1,"ingressSettings":"ALLOW_ALL","uri":"https://internalchecks-o56pcdenta-uc.a.run.app","serviceAccountEmail":"805415860635-compute@developer.gserviceaccount.com","availableMemory":"256Mi","allTrafficOnLatestRevision":true,"revision":"internalchecks-00007-xif","maxInstanceRequestConcurrency":80,"availableCpu":"1"},"state":"ACTIVE","labels":{"deployment-tool":"cli-firebase","deployment-scheduled":"true","firebase-functions-hash":"c79e546bcb78ffe80fae589f9526d5918eda8af2"},"environment":"GEN_2","url":"https://us-central1-korelab-cc-c1a7d.cloudfunctions.net/internalChecks","satisfiesPzi":true},"stages":[{"name":"BUILD","message":"Build in progress","state":"IN_PROGRESS","resource":"projects/805415860635/locations/us-central1/builds/2f0a4b99-edd3-429e-ac9b-a67bfa0145d5","resourceUri":"https://console.cloud.google.com/cloud-build/builds;region=us-central1/2f0a4b99-edd3-429e-ac9b-a67bfa0145d5?project=805415860635"},{"name":"SERVICE","state":"NOT_STARTED"}],"operationType":"UPDATE_FUNCTION","buildName":"projects/805415860635/locations/us-central1/builds/2f0a4b99-edd3-429e-ac9b-a67bfa0145d5"},"done":false}
[debug] [2026-05-11T10:18:04.815Z] [update-default-us-central1-internalChecks] Retrying task index 0
[debug] [2026-05-11T10:18:04.815Z] Checked if tokens are valid: true, expires at: 1778497272330
[debug] [2026-05-11T10:18:04.815Z] Checked if tokens are valid: true, expires at: 1778497272330
[debug] [2026-05-11T10:18:04.815Z] >>> [apiv2][query] GET https://cloudfunctions.googleapis.com/v2/projects/korelab-cc-c1a7d/locations/us-central1/operations/operation-1778494679394-651880f99aa4b-2f5ae688-30fad873 [none]
[debug] [2026-05-11T10:18:05.651Z] <<< [apiv2][status] GET https://cloudfunctions.googleapis.com/v2/projects/korelab-cc-c1a7d/locations/us-central1/operations/operation-1778494679394-651880f99aa4b-2f5ae688-30fad873 200
[debug] [2026-05-11T10:18:05.652Z] <<< [apiv2][body] GET https://cloudfunctions.googleapis.com/v2/projects/korelab-cc-c1a7d/locations/us-central1/operations/operation-1778494679394-651880f99aa4b-2f5ae688-30fad873 {"name":"projects/korelab-cc-c1a7d/locations/us-central1/operations/operation-1778494679394-651880f99aa4b-2f5ae688-30fad873","metadata":{"@type":"type.googleapis.com/google.cloud.functions.v2.OperationMetadata","createTime":"2026-05-11T10:18:00.216555263Z","target":"projects/korelab-cc-c1a7d/locations/us-central1/functions/internalChecks","verb":"update","cancelRequested":false,"apiVersion":"v2","requestResource":{"@type":"type.googleapis.com/google.cloud.functions.v2.Function","name":"projects/korelab-cc-c1a7d/locations/us-central1/functions/internalChecks","buildConfig":{"runtime":"nodejs22","entryPoint":"internalChecks","source":{"storageSource":{"bucket":"gcf-v2-sources-805415860635-us-central1","object":"internalChecks/function-source.zip","generation":"1778494680169264"}},"environmentVariables":{"GOOGLE_NODE_RUN_SCRIPTS":""},"dockerRepository":"projects/korelab-cc-c1a7d/locations/us-central1/repositories/gcf-artifacts","sourceProvenance":{"resolvedStorageSource":{"bucket":"gcf-v2-sources-805415860635-us-central1","object":"internalChecks/function-source.zip","generation":"1778492572026903"}},"dockerRegistry":"ARTIFACT_REGISTRY","serviceAccount":"projects/korelab-cc-c1a7d/serviceAccounts/805415860635-compute@developer.gserviceaccount.com","automaticUpdatePolicy":{}},"serviceConfig":{"service":"projects/korelab-cc-c1a7d/locations/us-central1/services/internalchecks","timeoutSeconds":540,"environmentVariables":{"ADMIN_TELEGRAM_CHAT_ID":"1213872477","FIREBASE_CONFIG":"{\"projectId\":\"korelab-cc-c1a7d\",\"storageBucket\":\"korelab-cc-c1a7d.firebasestorage.app\"}","GCLOUD_PROJECT":"korelab-cc-c1a7d","EVENTARC_CLOUD_EVENT_SOURCE":"projects/korelab-cc-c1a7d/locations/us-central1/services/internalChecks","FUNCTION_TARGET":"internalChecks","LOG_EXECUTION_ID":"true"},"maxInstanceCount":1,"ingressSettings":"ALLOW_ALL","uri":"https://internalchecks-o56pcdenta-uc.a.run.app","serviceAccountEmail":"805415860635-compute@developer.gserviceaccount.com","availableMemory":"256Mi","allTrafficOnLatestRevision":true,"revision":"internalchecks-00007-xif","maxInstanceRequestConcurrency":80,"availableCpu":"1"},"state":"ACTIVE","labels":{"deployment-tool":"cli-firebase","deployment-scheduled":"true","firebase-functions-hash":"c79e546bcb78ffe80fae589f9526d5918eda8af2"},"environment":"GEN_2","url":"https://us-central1-korelab-cc-c1a7d.cloudfunctions.net/internalChecks","satisfiesPzi":true},"stages":[{"name":"BUILD","message":"Build in progress","state":"IN_PROGRESS","resource":"projects/805415860635/locations/us-central1/builds/2f0a4b99-edd3-429e-ac9b-a67bfa0145d5","resourceUri":"https://console.cloud.google.com/cloud-build/builds;region=us-central1/2f0a4b99-edd3-429e-ac9b-a67bfa0145d5?project=805415860635"},{"name":"SERVICE","state":"NOT_STARTED"}],"operationType":"UPDATE_FUNCTION","buildName":"projects/805415860635/locations/us-central1/builds/2f0a4b99-edd3-429e-ac9b-a67bfa0145d5"},"done":false}
[debug] [2026-05-11T10:18:09.664Z] [update-default-us-central1-internalChecks] Retrying task index 0
[debug] [2026-05-11T10:18:09.664Z] Checked if tokens are valid: true, expires at: 1778497272330
[debug] [2026-05-11T10:18:09.664Z] Checked if tokens are valid: true, expires at: 1778497272330
[debug] [2026-05-11T10:18:09.664Z] >>> [apiv2][query] GET https://cloudfunctions.googleapis.com/v2/projects/korelab-cc-c1a7d/locations/us-central1/operations/operation-1778494679394-651880f99aa4b-2f5ae688-30fad873 [none]
[debug] [2026-05-11T10:18:10.409Z] <<< [apiv2][status] GET https://cloudfunctions.googleapis.com/v2/projects/korelab-cc-c1a7d/locations/us-central1/operations/operation-1778494679394-651880f99aa4b-2f5ae688-30fad873 200
[debug] [2026-05-11T10:18:10.409Z] <<< [apiv2][body] GET https://cloudfunctions.googleapis.com/v2/projects/korelab-cc-c1a7d/locations/us-central1/operations/operation-1778494679394-651880f99aa4b-2f5ae688-30fad873 {"name":"projects/korelab-cc-c1a7d/locations/us-central1/operations/operation-1778494679394-651880f99aa4b-2f5ae688-30fad873","metadata":{"@type":"type.googleapis.com/google.cloud.functions.v2.OperationMetadata","createTime":"2026-05-11T10:18:00.216555263Z","target":"projects/korelab-cc-c1a7d/locations/us-central1/functions/internalChecks","verb":"update","cancelRequested":false,"apiVersion":"v2","requestResource":{"@type":"type.googleapis.com/google.cloud.functions.v2.Function","name":"projects/korelab-cc-c1a7d/locations/us-central1/functions/internalChecks","buildConfig":{"runtime":"nodejs22","entryPoint":"internalChecks","source":{"storageSource":{"bucket":"gcf-v2-sources-805415860635-us-central1","object":"internalChecks/function-source.zip","generation":"1778494680169264"}},"environmentVariables":{"GOOGLE_NODE_RUN_SCRIPTS":""},"dockerRepository":"projects/korelab-cc-c1a7d/locations/us-central1/repositories/gcf-artifacts","sourceProvenance":{"resolvedStorageSource":{"bucket":"gcf-v2-sources-805415860635-us-central1","object":"internalChecks/function-source.zip","generation":"1778492572026903"}},"dockerRegistry":"ARTIFACT_REGISTRY","serviceAccount":"projects/korelab-cc-c1a7d/serviceAccounts/805415860635-compute@developer.gserviceaccount.com","automaticUpdatePolicy":{}},"serviceConfig":{"service":"projects/korelab-cc-c1a7d/locations/us-central1/services/internalchecks","timeoutSeconds":540,"environmentVariables":{"ADMIN_TELEGRAM_CHAT_ID":"1213872477","FIREBASE_CONFIG":"{\"projectId\":\"korelab-cc-c1a7d\",\"storageBucket\":\"korelab-cc-c1a7d.firebasestorage.app\"}","GCLOUD_PROJECT":"korelab-cc-c1a7d","EVENTARC_CLOUD_EVENT_SOURCE":"projects/korelab-cc-c1a7d/locations/us-central1/services/internalChecks","FUNCTION_TARGET":"internalChecks","LOG_EXECUTION_ID":"true"},"maxInstanceCount":1,"ingressSettings":"ALLOW_ALL","uri":"https://internalchecks-o56pcdenta-uc.a.run.app","serviceAccountEmail":"805415860635-compute@developer.gserviceaccount.com","availableMemory":"256Mi","allTrafficOnLatestRevision":true,"revision":"internalchecks-00007-xif","maxInstanceRequestConcurrency":80,"availableCpu":"1"},"state":"ACTIVE","labels":{"deployment-tool":"cli-firebase","deployment-scheduled":"true","firebase-functions-hash":"c79e546bcb78ffe80fae589f9526d5918eda8af2"},"environment":"GEN_2","url":"https://us-central1-korelab-cc-c1a7d.cloudfunctions.net/internalChecks","satisfiesPzi":true},"stages":[{"name":"BUILD","message":"Build in progress","state":"IN_PROGRESS","resource":"projects/805415860635/locations/us-central1/builds/2f0a4b99-edd3-429e-ac9b-a67bfa0145d5","resourceUri":"https://console.cloud.google.com/cloud-build/builds;region=us-central1/2f0a4b99-edd3-429e-ac9b-a67bfa0145d5?project=805415860635"},{"name":"SERVICE","state":"NOT_STARTED"}],"operationType":"UPDATE_FUNCTION","buildName":"projects/805415860635/locations/us-central1/builds/2f0a4b99-edd3-429e-ac9b-a67bfa0145d5"},"done":false}
[debug] [2026-05-11T10:18:18.430Z] [update-default-us-central1-internalChecks] Retrying task index 0
[debug] [2026-05-11T10:18:18.431Z] Checked if tokens are valid: true, expires at: 1778497272330
[debug] [2026-05-11T10:18:18.431Z] Checked if tokens are valid: true, expires at: 1778497272330
[debug] [2026-05-11T10:18:18.431Z] >>> [apiv2][query] GET https://cloudfunctions.googleapis.com/v2/projects/korelab-cc-c1a7d/locations/us-central1/operations/operation-1778494679394-651880f99aa4b-2f5ae688-30fad873 [none]
[debug] [2026-05-11T10:18:19.218Z] <<< [apiv2][status] GET https://cloudfunctions.googleapis.com/v2/projects/korelab-cc-c1a7d/locations/us-central1/operations/operation-1778494679394-651880f99aa4b-2f5ae688-30fad873 200
[debug] [2026-05-11T10:18:19.218Z] <<< [apiv2][body] GET https://cloudfunctions.googleapis.com/v2/projects/korelab-cc-c1a7d/locations/us-central1/operations/operation-1778494679394-651880f99aa4b-2f5ae688-30fad873 {"name":"projects/korelab-cc-c1a7d/locations/us-central1/operations/operation-1778494679394-651880f99aa4b-2f5ae688-30fad873","metadata":{"@type":"type.googleapis.com/google.cloud.functions.v2.OperationMetadata","createTime":"2026-05-11T10:18:00.216555263Z","target":"projects/korelab-cc-c1a7d/locations/us-central1/functions/internalChecks","verb":"update","cancelRequested":false,"apiVersion":"v2","requestResource":{"@type":"type.googleapis.com/google.cloud.functions.v2.Function","name":"projects/korelab-cc-c1a7d/locations/us-central1/functions/internalChecks","buildConfig":{"runtime":"nodejs22","entryPoint":"internalChecks","source":{"storageSource":{"bucket":"gcf-v2-sources-805415860635-us-central1","object":"internalChecks/function-source.zip","generation":"1778494680169264"}},"environmentVariables":{"GOOGLE_NODE_RUN_SCRIPTS":""},"dockerRepository":"projects/korelab-cc-c1a7d/locations/us-central1/repositories/gcf-artifacts","sourceProvenance":{"resolvedStorageSource":{"bucket":"gcf-v2-sources-805415860635-us-central1","object":"internalChecks/function-source.zip","generation":"1778492572026903"}},"dockerRegistry":"ARTIFACT_REGISTRY","serviceAccount":"projects/korelab-cc-c1a7d/serviceAccounts/805415860635-compute@developer.gserviceaccount.com","automaticUpdatePolicy":{}},"serviceConfig":{"service":"projects/korelab-cc-c1a7d/locations/us-central1/services/internalchecks","timeoutSeconds":540,"environmentVariables":{"ADMIN_TELEGRAM_CHAT_ID":"1213872477","FIREBASE_CONFIG":"{\"projectId\":\"korelab-cc-c1a7d\",\"storageBucket\":\"korelab-cc-c1a7d.firebasestorage.app\"}","GCLOUD_PROJECT":"korelab-cc-c1a7d","EVENTARC_CLOUD_EVENT_SOURCE":"projects/korelab-cc-c1a7d/locations/us-central1/services/internalChecks","FUNCTION_TARGET":"internalChecks","LOG_EXECUTION_ID":"true"},"maxInstanceCount":1,"ingressSettings":"ALLOW_ALL","uri":"https://internalchecks-o56pcdenta-uc.a.run.app","serviceAccountEmail":"805415860635-compute@developer.gserviceaccount.com","availableMemory":"256Mi","allTrafficOnLatestRevision":true,"revision":"internalchecks-00007-xif","maxInstanceRequestConcurrency":80,"availableCpu":"1"},"state":"ACTIVE","labels":{"deployment-tool":"cli-firebase","deployment-scheduled":"true","firebase-functions-hash":"c79e546bcb78ffe80fae589f9526d5918eda8af2"},"environment":"GEN_2","url":"https://us-central1-korelab-cc-c1a7d.cloudfunctions.net/internalChecks","satisfiesPzi":true},"stages":[{"name":"BUILD","message":"Build in progress","state":"IN_PROGRESS","resource":"projects/805415860635/locations/us-central1/builds/2f0a4b99-edd3-429e-ac9b-a67bfa0145d5","resourceUri":"https://console.cloud.google.com/cloud-build/builds;region=us-central1/2f0a4b99-edd3-429e-ac9b-a67bfa0145d5?project=805415860635"},{"name":"SERVICE","state":"NOT_STARTED"}],"operationType":"UPDATE_FUNCTION","buildName":"projects/805415860635/locations/us-central1/builds/2f0a4b99-edd3-429e-ac9b-a67bfa0145d5"},"done":false}
